compute-b19-30.deepthought2.umd.edu
Tue Oct 30 15:29:24 EDT 2018
/lustre/lyx12311/epi_int_lite/runs/epwp/test
JOBID 12298765
JOB_NAME submit.csh
SUBMIT_DIR /lustre/lyx12311/epi_int_lite/runs/epwp/test
JOB_NODELIST compute-b19-30
SUBMIT_HOST login-1.deepthought2.umd.edu
JOB_NUM_NODES 1
CPUS_ON_NODE 1
NTASKS 1
